[2022-01-21T11:31:13.728+0500][gc,heap] Heap region size: 1M
[2022-01-21T11:31:13.738+0500][gc     ] Using G1
[2022-01-21T11:31:13.738+0500][gc,heap,coops] Heap address: 0x00000007c0000000, size: 1024 MB, Compressed Oops mode: Zero based, Oop shift amount: 3
[2022-01-21T11:31:15.017+0500][gc,start     ] GC(0) Pause Young (Concurrent Start) (Metadata GC Threshold)
[2022-01-21T11:31:15.017+0500][gc,task      ] GC(0) Using 10 workers of 10 for evacuation
[2022-01-21T11:31:15.025+0500][gc,phases    ] GC(0)   Pre Evacuate Collection Set: 0.0ms
[2022-01-21T11:31:15.025+0500][gc,phases    ] GC(0)   Evacuate Collection Set: 7.1ms
[2022-01-21T11:31:15.025+0500][gc,phases    ] GC(0)   Post Evacuate Collection Set: 0.3ms
[2022-01-21T11:31:15.025+0500][gc,phases    ] GC(0)   Other: 0.8ms
[2022-01-21T11:31:15.025+0500][gc,heap      ] GC(0) Eden regions: 43->0(44)
[2022-01-21T11:31:15.025+0500][gc,heap      ] GC(0) Survivor regions: 0->7(7)
[2022-01-21T11:31:15.025+0500][gc,heap      ] GC(0) Old regions: 0->0
[2022-01-21T11:31:15.025+0500][gc,heap      ] GC(0) Humongous regions: 0->0
[2022-01-21T11:31:15.025+0500][gc,metaspace ] GC(0) Metaspace: 20670K->20670K(1069056K)
[2022-01-21T11:31:15.025+0500][gc           ] GC(0) Pause Young (Concurrent Start) (Metadata GC Threshold) 43M->6M(1024M) 8.484ms
[2022-01-21T11:31:15.025+0500][gc,cpu       ] GC(0) User=0.02s Sys=0.01s Real=0.01s
[2022-01-21T11:31:15.025+0500][gc           ] GC(1) Concurrent Cycle
[2022-01-21T11:31:15.025+0500][gc,marking   ] GC(1) Concurrent Clear Claimed Marks
[2022-01-21T11:31:15.025+0500][gc,marking   ] GC(1) Concurrent Clear Claimed Marks 0.021ms
[2022-01-21T11:31:15.025+0500][gc,marking   ] GC(1) Concurrent Scan Root Regions
[2022-01-21T11:31:15.027+0500][gc,marking   ] GC(1) Concurrent Scan Root Regions 1.686ms
[2022-01-21T11:31:15.027+0500][gc,marking   ] GC(1) Concurrent Mark (1.309s)
[2022-01-21T11:31:15.027+0500][gc,marking   ] GC(1) Concurrent Mark From Roots
[2022-01-21T11:31:15.027+0500][gc,task      ] GC(1) Using 3 workers of 3 for marking
[2022-01-21T11:31:15.027+0500][gc,marking   ] GC(1) Concurrent Mark From Roots 0.184ms
[2022-01-21T11:31:15.027+0500][gc,marking   ] GC(1) Concurrent Preclean
[2022-01-21T11:31:15.027+0500][gc,marking   ] GC(1) Concurrent Preclean 0.033ms
[2022-01-21T11:31:15.027+0500][gc,marking   ] GC(1) Concurrent Mark (1.309s, 1.309s) 0.263ms
[2022-01-21T11:31:15.028+0500][gc,start     ] GC(1) Pause Remark
[2022-01-21T11:31:15.029+0500][gc,stringtable] GC(1) Cleaned string and symbol table, strings: 7450 processed, 0 removed, symbols: 63701 processed, 38 removed
[2022-01-21T11:31:15.029+0500][gc            ] GC(1) Pause Remark 7M->7M(1024M) 1.396ms
[2022-01-21T11:31:15.029+0500][gc,cpu        ] GC(1) User=0.00s Sys=0.00s Real=0.00s
[2022-01-21T11:31:15.029+0500][gc,marking    ] GC(1) Concurrent Rebuild Remembered Sets
[2022-01-21T11:31:15.029+0500][gc,marking    ] GC(1) Concurrent Rebuild Remembered Sets 0.096ms
[2022-01-21T11:31:15.029+0500][gc,start      ] GC(1) Pause Cleanup
[2022-01-21T11:31:15.029+0500][gc            ] GC(1) Pause Cleanup 7M->7M(1024M) 0.151ms
[2022-01-21T11:31:15.030+0500][gc,cpu        ] GC(1) User=0.00s Sys=0.00s Real=0.01s
[2022-01-21T11:31:15.030+0500][gc,marking    ] GC(1) Concurrent Cleanup for Next Mark
[2022-01-21T11:31:15.035+0500][gc,marking    ] GC(1) Concurrent Cleanup for Next Mark 4.927ms
[2022-01-21T11:31:15.035+0500][gc            ] GC(1) Concurrent Cycle 9.198ms
[2022-01-21T11:31:16.879+0500][gc,heap,exit  ] Heap
[2022-01-21T11:31:16.879+0500][gc,heap,exit  ]  garbage-first heap   total 1048576K, used 17050K [0x00000007c0000000, 0x0000000800000000)
[2022-01-21T11:31:16.879+0500][gc,heap,exit  ]   region size 1024K, 18 young (18432K), 7 survivors (7168K)
[2022-01-21T11:31:16.879+0500][gc,heap,exit  ]  Metaspace       used 22387K, capacity 22848K, committed 23088K, reserved 1069056K
[2022-01-21T11:31:16.879+0500][gc,heap,exit  ]   class space    used 2737K, capacity 2910K, committed 2944K, reserved 1048576K
