[2022-01-21T11:40:08.107+0500][gc,heap] Heap region size: 1M
[2022-01-21T11:40:08.117+0500][gc     ] Using G1
[2022-01-21T11:40:08.117+0500][gc,heap,coops] Heap address: 0x00000007c0000000, size: 1024 MB, Compressed Oops mode: Zero based, Oop shift amount: 3
[2022-01-21T11:40:09.389+0500][gc,start     ] GC(0) Pause Young (Concurrent Start) (Metadata GC Threshold)
[2022-01-21T11:40:09.389+0500][gc,task      ] GC(0) Using 10 workers of 10 for evacuation
[2022-01-21T11:40:09.398+0500][gc,phases    ] GC(0)   Pre Evacuate Collection Set: 0.0ms
[2022-01-21T11:40:09.399+0500][gc,phases    ] GC(0)   Evacuate Collection Set: 8.5ms
[2022-01-21T11:40:09.399+0500][gc,phases    ] GC(0)   Post Evacuate Collection Set: 0.4ms
[2022-01-21T11:40:09.399+0500][gc,phases    ] GC(0)   Other: 0.7ms
[2022-01-21T11:40:09.399+0500][gc,heap      ] GC(0) Eden regions: 43->0(44)
[2022-01-21T11:40:09.399+0500][gc,heap      ] GC(0) Survivor regions: 0->7(7)
[2022-01-21T11:40:09.399+0500][gc,heap      ] GC(0) Old regions: 0->0
[2022-01-21T11:40:09.399+0500][gc,heap      ] GC(0) Humongous regions: 0->0
[2022-01-21T11:40:09.399+0500][gc,metaspace ] GC(0) Metaspace: 20791K->20791K(1069056K)
[2022-01-21T11:40:09.399+0500][gc           ] GC(0) Pause Young (Concurrent Start) (Metadata GC Threshold) 43M->6M(1024M) 9.854ms
[2022-01-21T11:40:09.399+0500][gc,cpu       ] GC(0) User=0.02s Sys=0.00s Real=0.01s
[2022-01-21T11:40:09.399+0500][gc           ] GC(1) Concurrent Cycle
[2022-01-21T11:40:09.399+0500][gc,marking   ] GC(1) Concurrent Clear Claimed Marks
[2022-01-21T11:40:09.399+0500][gc,marking   ] GC(1) Concurrent Clear Claimed Marks 0.037ms
[2022-01-21T11:40:09.399+0500][gc,marking   ] GC(1) Concurrent Scan Root Regions
[2022-01-21T11:40:09.401+0500][gc,marking   ] GC(1) Concurrent Scan Root Regions 2.131ms
[2022-01-21T11:40:09.401+0500][gc,marking   ] GC(1) Concurrent Mark (1.303s)
[2022-01-21T11:40:09.401+0500][gc,marking   ] GC(1) Concurrent Mark From Roots
[2022-01-21T11:40:09.401+0500][gc,task      ] GC(1) Using 3 workers of 3 for marking
[2022-01-21T11:40:09.401+0500][gc,marking   ] GC(1) Concurrent Mark From Roots 0.193ms
[2022-01-21T11:40:09.401+0500][gc,marking   ] GC(1) Concurrent Preclean
[2022-01-21T11:40:09.401+0500][gc,marking   ] GC(1) Concurrent Preclean 0.037ms
[2022-01-21T11:40:09.401+0500][gc,marking   ] GC(1) Concurrent Mark (1.303s, 1.304s) 0.304ms
[2022-01-21T11:40:09.402+0500][gc,start     ] GC(1) Pause Remark
[2022-01-21T11:40:09.403+0500][gc,stringtable] GC(1) Cleaned string and symbol table, strings: 7445 processed, 0 removed, symbols: 63736 processed, 38 removed
[2022-01-21T11:40:09.403+0500][gc            ] GC(1) Pause Remark 7M->7M(1024M) 1.367ms
[2022-01-21T11:40:09.403+0500][gc,cpu        ] GC(1) User=0.01s Sys=0.00s Real=0.00s
[2022-01-21T11:40:09.403+0500][gc,marking    ] GC(1) Concurrent Rebuild Remembered Sets
[2022-01-21T11:40:09.403+0500][gc,marking    ] GC(1) Concurrent Rebuild Remembered Sets 0.104ms
[2022-01-21T11:40:09.403+0500][gc,start      ] GC(1) Pause Cleanup
[2022-01-21T11:40:09.403+0500][gc            ] GC(1) Pause Cleanup 7M->7M(1024M) 0.135ms
[2022-01-21T11:40:09.403+0500][gc,cpu        ] GC(1) User=0.00s Sys=0.00s Real=0.00s
[2022-01-21T11:40:09.403+0500][gc,marking    ] GC(1) Concurrent Cleanup for Next Mark
[2022-01-21T11:40:09.408+0500][gc,marking    ] GC(1) Concurrent Cleanup for Next Mark 4.828ms
[2022-01-21T11:40:09.408+0500][gc            ] GC(1) Concurrent Cycle 9.559ms
[2022-01-21T11:40:10.550+0500][gc,start      ] GC(2) Pause Young (Normal) (G1 Evacuation Pause)
[2022-01-21T11:40:10.550+0500][gc,task       ] GC(2) Using 10 workers of 10 for evacuation
[2022-01-21T11:40:10.557+0500][gc,phases     ] GC(2)   Pre Evacuate Collection Set: 0.0ms
[2022-01-21T11:40:10.557+0500][gc,phases     ] GC(2)   Evacuate Collection Set: 6.6ms
[2022-01-21T11:40:10.557+0500][gc,phases     ] GC(2)   Post Evacuate Collection Set: 0.5ms
[2022-01-21T11:40:10.557+0500][gc,phases     ] GC(2)   Other: 0.2ms
[2022-01-21T11:40:10.557+0500][gc,heap       ] GC(2) Eden regions: 44->0(49)
[2022-01-21T11:40:10.557+0500][gc,heap       ] GC(2) Survivor regions: 7->2(7)
[2022-01-21T11:40:10.557+0500][gc,heap       ] GC(2) Old regions: 0->7
[2022-01-21T11:40:10.557+0500][gc,heap       ] GC(2) Humongous regions: 0->0
[2022-01-21T11:40:10.557+0500][gc,metaspace  ] GC(2) Metaspace: 30935K->30935K(1077248K)
[2022-01-21T11:40:10.557+0500][gc            ] GC(2) Pause Young (Normal) (G1 Evacuation Pause) 50M->8M(1024M) 7.459ms
[2022-01-21T11:40:10.557+0500][gc,cpu        ] GC(2) User=0.05s Sys=0.02s Real=0.00s
[2022-01-21T11:40:12.239+0500][gc,start      ] GC(3) Pause Young (Concurrent Start) (Metadata GC Threshold)
[2022-01-21T11:40:12.239+0500][gc,task       ] GC(3) Using 10 workers of 10 for evacuation
[2022-01-21T11:40:12.242+0500][gc,phases     ] GC(3)   Pre Evacuate Collection Set: 0.1ms
[2022-01-21T11:40:12.242+0500][gc,phases     ] GC(3)   Evacuate Collection Set: 2.4ms
[2022-01-21T11:40:12.243+0500][gc,phases     ] GC(3)   Post Evacuate Collection Set: 0.4ms
[2022-01-21T11:40:12.243+0500][gc,phases     ] GC(3)   Other: 0.2ms
[2022-01-21T11:40:12.243+0500][gc,heap       ] GC(3) Eden regions: 27->0(47)
[2022-01-21T11:40:12.243+0500][gc,heap       ] GC(3) Survivor regions: 2->4(7)
[2022-01-21T11:40:12.243+0500][gc,heap       ] GC(3) Old regions: 7->7
[2022-01-21T11:40:12.243+0500][gc,heap       ] GC(3) Humongous regions: 129->129
[2022-01-21T11:40:12.243+0500][gc,metaspace  ] GC(3) Metaspace: 34814K->34814K(1081344K)
[2022-01-21T11:40:12.243+0500][gc            ] GC(3) Pause Young (Concurrent Start) (Metadata GC Threshold) 163M->138M(1024M) 3.168ms
[2022-01-21T11:40:12.243+0500][gc,cpu        ] GC(3) User=0.02s Sys=0.00s Real=0.01s
[2022-01-21T11:40:12.243+0500][gc            ] GC(4) Concurrent Cycle
[2022-01-21T11:40:12.243+0500][gc,marking    ] GC(4) Concurrent Clear Claimed Marks
[2022-01-21T11:40:12.243+0500][gc,marking    ] GC(4) Concurrent Clear Claimed Marks 0.054ms
[2022-01-21T11:40:12.243+0500][gc,marking    ] GC(4) Concurrent Scan Root Regions
[2022-01-21T11:40:12.244+0500][gc,marking    ] GC(4) Concurrent Scan Root Regions 1.026ms
[2022-01-21T11:40:12.244+0500][gc,marking    ] GC(4) Concurrent Mark (4.146s)
[2022-01-21T11:40:12.244+0500][gc,marking    ] GC(4) Concurrent Mark From Roots
[2022-01-21T11:40:12.244+0500][gc,task       ] GC(4) Using 3 workers of 3 for marking
[2022-01-21T11:40:12.247+0500][gc,marking    ] GC(4) Concurrent Mark From Roots 3.098ms
[2022-01-21T11:40:12.247+0500][gc,marking    ] GC(4) Concurrent Preclean
[2022-01-21T11:40:12.247+0500][gc,marking    ] GC(4) Concurrent Preclean 0.095ms
[2022-01-21T11:40:12.247+0500][gc,marking    ] GC(4) Concurrent Mark (4.146s, 4.149s) 3.261ms
[2022-01-21T11:40:12.248+0500][gc,start      ] GC(4) Pause Remark
[2022-01-21T11:40:12.250+0500][gc,stringtable] GC(4) Cleaned string and symbol table, strings: 10836 processed, 9 removed, symbols: 95651 processed, 32 removed
[2022-01-21T11:40:12.250+0500][gc            ] GC(4) Pause Remark 139M->139M(1024M) 1.892ms
[2022-01-21T11:40:12.250+0500][gc,cpu        ] GC(4) User=0.01s Sys=0.00s Real=0.01s
[2022-01-21T11:40:12.250+0500][gc,marking    ] GC(4) Concurrent Rebuild Remembered Sets
[2022-01-21T11:40:12.252+0500][gc,marking    ] GC(4) Concurrent Rebuild Remembered Sets 2.111ms
[2022-01-21T11:40:12.252+0500][gc,start      ] GC(4) Pause Cleanup
[2022-01-21T11:40:12.252+0500][gc            ] GC(4) Pause Cleanup 139M->139M(1024M) 0.160ms
[2022-01-21T11:40:12.252+0500][gc,cpu        ] GC(4) User=0.00s Sys=0.00s Real=0.00s
[2022-01-21T11:40:12.252+0500][gc,marking    ] GC(4) Concurrent Cleanup for Next Mark
[2022-01-21T11:40:12.257+0500][gc,marking    ] GC(4) Concurrent Cleanup for Next Mark 4.655ms
[2022-01-21T11:40:12.257+0500][gc            ] GC(4) Concurrent Cycle 14.352ms
[2022-01-21T11:40:12.886+0500][gc,start      ] GC(5) Pause Young (Normal) (G1 Evacuation Pause)
[2022-01-21T11:40:12.886+0500][gc,task       ] GC(5) Using 10 workers of 10 for evacuation
[2022-01-21T11:40:12.891+0500][gc,phases     ] GC(5)   Pre Evacuate Collection Set: 0.0ms
[2022-01-21T11:40:12.891+0500][gc,phases     ] GC(5)   Evacuate Collection Set: 4.3ms
[2022-01-21T11:40:12.891+0500][gc,phases     ] GC(5)   Post Evacuate Collection Set: 0.4ms
[2022-01-21T11:40:12.891+0500][gc,phases     ] GC(5)   Other: 0.2ms
[2022-01-21T11:40:12.891+0500][gc,heap       ] GC(5) Eden regions: 47->0(44)
[2022-01-21T11:40:12.891+0500][gc,heap       ] GC(5) Survivor regions: 4->7(7)
[2022-01-21T11:40:12.891+0500][gc,heap       ] GC(5) Old regions: 7->7
[2022-01-21T11:40:12.891+0500][gc,heap       ] GC(5) Humongous regions: 129->129
[2022-01-21T11:40:12.891+0500][gc,metaspace  ] GC(5) Metaspace: 43126K->43126K(1087488K)
[2022-01-21T11:40:12.891+0500][gc            ] GC(5) Pause Young (Normal) (G1 Evacuation Pause) 185M->142M(1024M) 5.077ms
[2022-01-21T11:40:12.891+0500][gc,cpu        ] GC(5) User=0.04s Sys=0.00s Real=0.01s
[2022-01-21T11:50:27.629+0500][gc,start      ] GC(6) Pause Young (Normal) (G1 Evacuation Pause)
[2022-01-21T11:50:27.629+0500][gc,task       ] GC(6) Using 10 workers of 10 for evacuation
[2022-01-21T11:50:27.636+0500][gc,phases     ] GC(6)   Pre Evacuate Collection Set: 0.0ms
[2022-01-21T11:50:27.636+0500][gc,phases     ] GC(6)   Evacuate Collection Set: 6.7ms
[2022-01-21T11:50:27.636+0500][gc,phases     ] GC(6)   Post Evacuate Collection Set: 0.5ms
[2022-01-21T11:50:27.636+0500][gc,phases     ] GC(6)   Other: 0.3ms
[2022-01-21T11:50:27.636+0500][gc,heap       ] GC(6) Eden regions: 44->0(49)
[2022-01-21T11:50:27.637+0500][gc,heap       ] GC(6) Survivor regions: 7->2(7)
[2022-01-21T11:50:27.637+0500][gc,heap       ] GC(6) Old regions: 7->13
[2022-01-21T11:50:27.637+0500][gc,heap       ] GC(6) Humongous regions: 153->129
[2022-01-21T11:50:27.637+0500][gc,metaspace  ] GC(6) Metaspace: 48566K->48566K(1093632K)
[2022-01-21T11:50:27.637+0500][gc            ] GC(6) Pause Young (Normal) (G1 Evacuation Pause) 210M->143M(1024M) 7.762ms
[2022-01-21T11:50:27.637+0500][gc,cpu        ] GC(6) User=0.05s Sys=0.00s Real=0.01s
[2022-01-21T12:22:59.799+0500][gc,start      ] GC(7) Pause Young (Normal) (G1 Evacuation Pause)
[2022-01-21T12:22:59.799+0500][gc,task       ] GC(7) Using 10 workers of 10 for evacuation
[2022-01-21T12:22:59.802+0500][gc,phases     ] GC(7)   Pre Evacuate Collection Set: 0.0ms
[2022-01-21T12:22:59.802+0500][gc,phases     ] GC(7)   Evacuate Collection Set: 1.4ms
[2022-01-21T12:22:59.802+0500][gc,phases     ] GC(7)   Post Evacuate Collection Set: 1.4ms
[2022-01-21T12:22:59.802+0500][gc,phases     ] GC(7)   Other: 0.2ms
[2022-01-21T12:22:59.802+0500][gc,heap       ] GC(7) Eden regions: 49->0(49)
[2022-01-21T12:22:59.802+0500][gc,heap       ] GC(7) Survivor regions: 2->2(7)
[2022-01-21T12:22:59.802+0500][gc,heap       ] GC(7) Old regions: 13->13
[2022-01-21T12:22:59.802+0500][gc,heap       ] GC(7) Humongous regions: 129->129
[2022-01-21T12:22:59.802+0500][gc,metaspace  ] GC(7) Metaspace: 49936K->49936K(1093632K)
[2022-01-21T12:22:59.802+0500][gc            ] GC(7) Pause Young (Normal) (G1 Evacuation Pause) 192M->143M(1024M) 3.376ms
[2022-01-21T12:22:59.802+0500][gc,cpu        ] GC(7) User=0.01s Sys=0.00s Real=0.01s
[2022-01-21T12:39:04.521+0500][gc,start      ] GC(8) Pause Young (Normal) (G1 Evacuation Pause)
[2022-01-21T12:39:04.521+0500][gc,task       ] GC(8) Using 10 workers of 10 for evacuation
[2022-01-21T12:39:04.526+0500][gc,phases     ] GC(8)   Pre Evacuate Collection Set: 0.0ms
[2022-01-21T12:39:04.526+0500][gc,phases     ] GC(8)   Evacuate Collection Set: 3.6ms
[2022-01-21T12:39:04.526+0500][gc,phases     ] GC(8)   Post Evacuate Collection Set: 0.7ms
[2022-01-21T12:39:04.526+0500][gc,phases     ] GC(8)   Other: 0.4ms
[2022-01-21T12:39:04.526+0500][gc,heap       ] GC(8) Eden regions: 49->0(47)
[2022-01-21T12:39:04.526+0500][gc,heap       ] GC(8) Survivor regions: 2->4(7)
[2022-01-21T12:39:04.526+0500][gc,heap       ] GC(8) Old regions: 13->13
[2022-01-21T12:39:04.526+0500][gc,heap       ] GC(8) Humongous regions: 129->129
[2022-01-21T12:39:04.526+0500][gc,metaspace  ] GC(8) Metaspace: 52278K->52278K(1095680K)
[2022-01-21T12:39:04.526+0500][gc            ] GC(8) Pause Young (Normal) (G1 Evacuation Pause) 192M->145M(1024M) 4.986ms
[2022-01-21T12:39:04.526+0500][gc,cpu        ] GC(8) User=0.03s Sys=0.00s Real=0.00s
