[2022-01-21T11:37:03.292+0500][gc,heap] Heap region size: 1M
[2022-01-21T11:37:03.297+0500][gc     ] Using G1
[2022-01-21T11:37:03.297+0500][gc,heap,coops] Heap address: 0x00000007e0000000, size: 512 MB, Compressed Oops mode: Zero based, Oop shift amount: 3
[2022-01-21T11:37:03.775+0500][gc,start     ] GC(0) Pause Young (Normal) (G1 Evacuation Pause)
[2022-01-21T11:37:03.776+0500][gc,task      ] GC(0) Using 10 workers of 10 for evacuation
[2022-01-21T11:37:03.781+0500][gc,phases    ] GC(0)   Pre Evacuate Collection Set: 0.0ms
[2022-01-21T11:37:03.781+0500][gc,phases    ] GC(0)   Evacuate Collection Set: 4.5ms
[2022-01-21T11:37:03.781+0500][gc,phases    ] GC(0)   Post Evacuate Collection Set: 0.4ms
[2022-01-21T11:37:03.781+0500][gc,phases    ] GC(0)   Other: 0.7ms
[2022-01-21T11:37:03.781+0500][gc,heap      ] GC(0) Eden regions: 25->0(21)
[2022-01-21T11:37:03.781+0500][gc,heap      ] GC(0) Survivor regions: 0->4(4)
[2022-01-21T11:37:03.781+0500][gc,heap      ] GC(0) Old regions: 0->4
[2022-01-21T11:37:03.781+0500][gc,heap      ] GC(0) Humongous regions: 0->0
[2022-01-21T11:37:03.781+0500][gc,metaspace ] GC(0) Metaspace: 15106K->15106K(1062912K)
[2022-01-21T11:37:03.781+0500][gc           ] GC(0) Pause Young (Normal) (G1 Evacuation Pause) 25M->7M(512M) 5.765ms
[2022-01-21T11:37:03.781+0500][gc,cpu       ] GC(0) User=0.03s Sys=0.01s Real=0.01s
[2022-01-21T11:57:38.819+0500][gc,heap,exit ] Heap
[2022-01-21T11:57:38.819+0500][gc,heap,exit ]  garbage-first heap   total 524288K, used 18500K [0x00000007e0000000, 0x0000000800000000)
[2022-01-21T11:57:38.819+0500][gc,heap,exit ]   region size 1024K, 16 young (16384K), 4 survivors (4096K)
[2022-01-21T11:57:38.819+0500][gc,heap,exit ]  Metaspace       used 16709K, capacity 17120K, committed 17536K, reserved 1064960K
[2022-01-21T11:57:38.819+0500][gc,heap,exit ]   class space    used 1679K, capacity 1815K, committed 1920K, reserved 1048576K
