[2022-01-21T11:57:49.864+0500][gc,heap] Heap region size: 1M
[2022-01-21T11:57:49.868+0500][gc     ] Using G1
[2022-01-21T11:57:49.868+0500][gc,heap,coops] Heap address: 0x00000007e0000000, size: 512 MB, Compressed Oops mode: Zero based, Oop shift amount: 3
[2022-01-21T11:57:50.351+0500][gc,start     ] GC(0) Pause Young (Normal) (G1 Evacuation Pause)
[2022-01-21T11:57:50.352+0500][gc,task      ] GC(0) Using 10 workers of 10 for evacuation
[2022-01-21T11:57:50.357+0500][gc,phases    ] GC(0)   Pre Evacuate Collection Set: 0.0ms
[2022-01-21T11:57:50.357+0500][gc,phases    ] GC(0)   Evacuate Collection Set: 4.6ms
[2022-01-21T11:57:50.357+0500][gc,phases    ] GC(0)   Post Evacuate Collection Set: 0.3ms
[2022-01-21T11:57:50.357+0500][gc,phases    ] GC(0)   Other: 0.8ms
[2022-01-21T11:57:50.357+0500][gc,heap      ] GC(0) Eden regions: 25->0(21)
[2022-01-21T11:57:50.357+0500][gc,heap      ] GC(0) Survivor regions: 0->4(4)
[2022-01-21T11:57:50.357+0500][gc,heap      ] GC(0) Old regions: 0->4
[2022-01-21T11:57:50.357+0500][gc,heap      ] GC(0) Humongous regions: 0->0
[2022-01-21T11:57:50.357+0500][gc,metaspace ] GC(0) Metaspace: 15083K->15083K(1062912K)
[2022-01-21T11:57:50.357+0500][gc           ] GC(0) Pause Young (Normal) (G1 Evacuation Pause) 25M->7M(512M) 5.849ms
[2022-01-21T11:57:50.357+0500][gc,cpu       ] GC(0) User=0.03s Sys=0.01s Real=0.00s
[2022-01-21T11:59:16.279+0500][gc,heap,exit ] Heap
[2022-01-21T11:59:16.279+0500][gc,heap,exit ]  garbage-first heap   total 524288K, used 16446K [0x00000007e0000000, 0x0000000800000000)
[2022-01-21T11:59:16.279+0500][gc,heap,exit ]   region size 1024K, 14 young (14336K), 4 survivors (4096K)
[2022-01-21T11:59:16.279+0500][gc,heap,exit ]  Metaspace       used 16251K, capacity 16639K, committed 16896K, reserved 1064960K
[2022-01-21T11:59:16.279+0500][gc,heap,exit ]   class space    used 1652K, capacity 1783K, committed 1792K, reserved 1048576K
