[2022-01-21T11:35:50.900+0500][gc,heap] Heap region size: 1M
[2022-01-21T11:35:50.905+0500][gc     ] Using G1
[2022-01-21T11:35:50.905+0500][gc,heap,coops] Heap address: 0x00000007e0000000, size: 512 MB, Compressed Oops mode: Zero based, Oop shift amount: 3
[2022-01-21T11:35:51.417+0500][gc,start     ] GC(0) Pause Young (Normal) (G1 Evacuation Pause)
[2022-01-21T11:35:51.418+0500][gc,task      ] GC(0) Using 10 workers of 10 for evacuation
[2022-01-21T11:35:51.423+0500][gc,phases    ] GC(0)   Pre Evacuate Collection Set: 0.0ms
[2022-01-21T11:35:51.424+0500][gc,phases    ] GC(0)   Evacuate Collection Set: 5.4ms
[2022-01-21T11:35:51.424+0500][gc,phases    ] GC(0)   Post Evacuate Collection Set: 0.3ms
[2022-01-21T11:35:51.424+0500][gc,phases    ] GC(0)   Other: 0.5ms
[2022-01-21T11:35:51.424+0500][gc,heap      ] GC(0) Eden regions: 25->0(21)
[2022-01-21T11:35:51.424+0500][gc,heap      ] GC(0) Survivor regions: 0->4(4)
[2022-01-21T11:35:51.424+0500][gc,heap      ] GC(0) Old regions: 0->4
[2022-01-21T11:35:51.424+0500][gc,heap      ] GC(0) Humongous regions: 0->0
[2022-01-21T11:35:51.424+0500][gc,metaspace ] GC(0) Metaspace: 15078K->15078K(1062912K)
[2022-01-21T11:35:51.424+0500][gc           ] GC(0) Pause Young (Normal) (G1 Evacuation Pause) 25M->7M(512M) 6.406ms
[2022-01-21T11:35:51.424+0500][gc,cpu       ] GC(0) User=0.03s Sys=0.01s Real=0.01s
[2022-01-21T11:35:55.315+0500][gc,heap,exit ] Heap
[2022-01-21T11:35:55.315+0500][gc,heap,exit ]  garbage-first heap   total 524288K, used 13439K [0x00000007e0000000, 0x0000000800000000)
[2022-01-21T11:35:55.315+0500][gc,heap,exit ]   region size 1024K, 11 young (11264K), 4 survivors (4096K)
[2022-01-21T11:35:55.315+0500][gc,heap,exit ]  Metaspace       used 15995K, capacity 16384K, committed 16640K, reserved 1064960K
[2022-01-21T11:35:55.315+0500][gc,heap,exit ]   class space    used 1627K, capacity 1783K, committed 1792K, reserved 1048576K
